nohup: ignoring input

> d3vtradehustle-resume-builder@1.0.0 dev
> next dev

  ▲ Next.js 14.2.5
  - Local:        http://localhost:3000
  - Environments: .env.local

 ✓ Starting...
 ✓ Ready in 6.4s
 ○ Compiling /api/unlock-resume ...
 ✓ Compiled /api/unlock-resume in 2.3s (104 modules)
⚠️ Firebase credentials missing. Using mock Firestore for development.
📧 Mock Firestore: Added to leads: { email: 'test@example.com', createdAt: '2025-09-25T15:50:36.424Z' }
 POST /api/unlock-resume 200 in 3547ms
 ○ Compiling / ...
 ✓ Compiled / in 6.3s (609 modules)
 ⚠ metadataBase property in metadata export is not set for resolving social open graph or twitter images, using "http://localhost:3000". See https://nextjs.org/docs/app/api-reference/functions/generate-metadata#metadatabase
 GET / 200 in 6674ms
 ✓ Compiled in 366ms (265 modules)
 ○ Compiling /api/unlock-resume ...
 ✓ Compiled /_not-found in 7.6s (612 modules)
 ⚠ metadataBase property in metadata export is not set for resolving social open graph or twitter images, using "http://localhost:3000". See https://nextjs.org/docs/app/api-reference/functions/generate-metadata#metadatabase
⚠️ Firebase credentials missing. Using mock Firestore for development.
📧 Mock Firestore: Added to leads: { email: 'user@example.com', createdAt: '2025-09-25T15:52:41.450Z' }
 POST /api/unlock-resume 200 in 7931ms
 GET /textures/brick-dark.png 404 in 2960ms
 GET / 200 in 68ms
 GET /textures/brick-dark.png 404 in 29ms
 ○ Compiling /unlock ...
 ✓ Compiled /unlock in 662ms (586 modules)
 ⚠ metadataBase property in metadata export is not set for resolving social open graph or twitter images, using "http://localhost:3000". See https://nextjs.org/docs/app/api-reference/functions/generate-metadata#metadatabase
 GET /unlock 200 in 788ms
 ⚠ Fast Refresh had to perform a full reload. Read more: https://nextjs.org/docs/messages/fast-refresh-reload
 ✓ Compiled /api/unlock-resume in 141ms (363 modules)
⚠️ Firebase credentials missing. Using mock Firestore for development.
📧 Mock Firestore: Added to leads: {
  email: 'ellisgang8819@gmail.com',
  createdAt: '2025-09-25T15:57:44.913Z'
}
 POST /api/unlock-resume 200 in 198ms
 ✓ Compiled in 1351ms (575 modules)
 ⚠ metadataBase property in metadata export is not set for resolving social open graph or twitter images, using "http://localhost:3000". See https://nextjs.org/docs/app/api-reference/functions/generate-metadata#metadatabase
   Reload env: .env.local
 ✓ Compiled in 3.9s (607 modules)
 ⚠ metadataBase property in metadata export is not set for resolving social open graph or twitter images, using "http://localhost:3000". See https://nextjs.org/docs/app/api-reference/functions/generate-metadata#metadatabase
[?25h
